// Jest Snapshot v1, https://goo.gl/fbAQLP

exports[`media queries with classnames 1`] = `"@media (min-width:1200px){.css-oesdlk{background-color:blue;}}"`;
